// Jest Snapshot v1, https://goo.gl/fbAQLP

exports[`WidgetWrapper debe coincidir con el snapshot 1`] = `
<DocumentFragment>
  <div
    class="MuiBox-root css-zb59i3"
  />
</DocumentFragment>
`;
